============================= test session starts =============================
platform win32 -- Python 3.11.11, pytest-8.3.5, pluggy-1.5.0 -- C:\Users\mithr\miniconda3\envs\llamasearch\python.exe
cachedir: .pytest_cache
rootdir: C:\Users\mithr\Documents\llamasearch
configfile: pyproject.toml
testpaths: tests
plugins: anyio-4.9.0, langsmith-0.3.42, cov-6.1.1
collecting ... 
----------------------------- live log collection -----------------------------
INFO     root:utils.py:107 Attached QtLogHandler to root logger.
INFO     datasets:config.py:54 PyTorch version 2.7.0 available.
collected 120 items

tests/test_bm25.py::TestWhooshBM25Retriever::test_add_document_empty_text_or_id PASSED [  0%]
tests/test_bm25.py::TestWhooshBM25Retriever::test_add_document_generic_exception PASSED [  1%]
tests/test_bm25.py::TestWhooshBM25Retriever::test_add_document_index_not_initialized PASSED [  2%]
tests/test_bm25.py::TestWhooshBM25Retriever::test_add_document_lock_error PASSED [  3%]
tests/test_bm25.py::TestWhooshBM25Retriever::test_add_document_success PASSED [  4%]
tests/test_bm25.py::TestWhooshBM25Retriever::test_close_exception PASSED [  5%]
tests/test_bm25.py::TestWhooshBM25Retriever::test_close_index_not_initialized PASSED [  5%]
tests/test_bm25.py::TestWhooshBM25Retriever::test_close_success PASSED   [  6%]
tests/test_bm25.py::TestWhooshBM25Retriever::test_get_doc_count_exception PASSED [  7%]
tests/test_bm25.py::TestWhooshBM25Retriever::test_get_doc_count_index_not_initialized PASSED [  8%]
tests/test_bm25.py::TestWhooshBM25Retriever::test_get_doc_count_success PASSED [  9%]
tests/test_bm25.py::TestWhooshBM25Retriever::test_init_creates_new_index PASSED [ 10%]
tests/test_bm25.py::TestWhooshBM25Retriever::test_init_handles_initial_create_failure PASSED [ 10%]
tests/test_bm25.py::TestWhooshBM25Retriever::test_init_handles_recreation_failure_after_open_error PASSED [ 11%]
tests/test_bm25.py::TestWhooshBM25Retriever::test_init_handles_rmtree_failure_during_recreation PASSED [ 12%]
tests/test_bm25.py::TestWhooshBM25Retriever::test_init_opens_existing_index PASSED [ 13%]
tests/test_bm25.py::TestWhooshBM25Retriever::test_init_recreates_empty_corrupt_index PASSED [ 14%]
tests/test_bm25.py::TestWhooshBM25Retriever::test_init_recreates_index_on_open_error PASSED [ 15%]
tests/test_bm25.py::TestWhooshBM25Retriever::test_integration_add_query_remove_real_index 
-------------------------------- live log call --------------------------------
INFO     llamasearch.core.bm25:bm25.py:81 Creating new Whoosh index at: C:\Users\mithr\AppData\Local\Temp\tmptn8lic1x\whoosh_bm25_index
INFO     llamasearch.core.bm25:bm25.py:91 Whoosh index ready. Doc count: 0
INFO     llamasearch.core.bm25:bm25.py:216 Closing Whoosh index...
INFO     llamasearch.core.bm25:bm25.py:227 Whoosh index resources released/nulled.
INFO     llamasearch.core.bm25:bm25.py:56 Opening existing Whoosh index at: C:\Users\mithr\AppData\Local\Temp\tmptn8lic1x\whoosh_bm25_index
INFO     llamasearch.core.bm25:bm25.py:91 Whoosh index ready. Doc count: 2
INFO     llamasearch.core.bm25:bm25.py:216 Closing Whoosh index...
INFO     llamasearch.core.bm25:bm25.py:227 Whoosh index resources released/nulled.
PASSED                                                                   [ 15%]
tests/test_bm25.py::TestWhooshBM25Retriever::test_query_empty_text PASSED [ 16%]
tests/test_bm25.py::TestWhooshBM25Retriever::test_query_generic_exception PASSED [ 17%]
tests/test_bm25.py::TestWhooshBM25Retriever::test_query_hit_missing_fields PASSED [ 18%]
tests/test_bm25.py::TestWhooshBM25Retriever::test_query_index_not_initialized PASSED [ 19%]
tests/test_bm25.py::TestWhooshBM25Retriever::test_query_no_results_found PASSED [ 20%]
tests/test_bm25.py::TestWhooshBM25Retriever::test_query_success PASSED   [ 20%]
tests/test_bm25.py::TestWhooshBM25Retriever::test_remove_document_empty_id PASSED [ 21%]
tests/test_bm25.py::TestWhooshBM25Retriever::test_remove_document_generic_exception PASSED [ 22%]
tests/test_bm25.py::TestWhooshBM25Retriever::test_remove_document_index_not_initialized PASSED [ 23%]
tests/test_bm25.py::TestWhooshBM25Retriever::test_remove_document_lock_error PASSED [ 24%]
tests/test_bm25.py::TestWhooshBM25Retriever::test_remove_document_non_existent PASSED [ 25%]
tests/test_bm25.py::TestWhooshBM25Retriever::test_remove_document_success PASSED [ 25%]
tests/test_bm25.py::TestWhooshBM25Retriever::test_save_is_noop PASSED    [ 26%]
tests/test_data_manager.py::TestDataManager::test_ensure_directories PASSED [ 27%]
tests/test_data_manager.py::TestDataManager::test_export_data_default_filename PASSED [ 28%]
tests/test_data_manager.py::TestDataManager::test_export_data_empty_keys PASSED [ 29%]
tests/test_data_manager.py::TestDataManager::test_export_data_invalid_keys PASSED [ 30%]
tests/test_data_manager.py::TestDataManager::test_export_data_missing_source_dir PASSED [ 30%]
tests/test_data_manager.py::TestDataManager::test_get_data_paths PASSED  [ 31%]
tests/test_data_manager.py::TestDataManager::test_set_data_path_invalid_key PASSED [ 32%]
tests/test_data_manager.py::TestDataManager::test_set_data_path_valid_key PASSED [ 33%]
tests/test_onnx_model.py::TestGenericONNXModelInfo::test_properties_llama3_fp32 PASSED [ 34%]
tests/test_onnx_model.py::TestDetermineProviderCPU::test_always_returns_cpu 
-------------------------------- live log call --------------------------------
INFO     llamasearch.core.onnx_model:onnx_model.py:81 Using ONNX provider: CPUExecutionProvider
PASSED                                                                   [ 35%]
tests/test_onnx_model.py::TestDetermineProviderCPU::test_raises_if_cpu_missing 
-------------------------------- live log call --------------------------------
CRITICAL llamasearch.core.onnx_model:onnx_model.py:78 FATAL: CPUExecutionProvider not found in ONNX Runtime!
PASSED                                                                   [ 35%]
tests/test_onnx_model.py::TestCheckONNXFilesExist::test_both_exist PASSED [ 36%]
tests/test_onnx_model.py::TestCheckONNXFilesExist::test_empty_dir 
-------------------------------- live log call --------------------------------
WARNING  llamasearch.core.onnx_model:onnx_model.py:104 Required file missing: C:\Users\mithr\AppData\Local\Temp\test_check_3p208s3_\onnx\model.onnx
WARNING  llamasearch.core.onnx_model:onnx_model.py:106 Required file missing: C:\Users\mithr\AppData\Local\Temp\test_check_3p208s3_\onnx\model.onnx_data
PASSED                                                                   [ 37%]
tests/test_onnx_model.py::TestCheckONNXFilesExist::test_no_dir 
-------------------------------- live log call --------------------------------
ERROR    llamasearch.core.onnx_model:onnx_model.py:88 ONNX directory does not exist: C:\Users\mithr\AppData\Local\Temp\test_check_722mbqq9\onnx
PASSED                                                                   [ 38%]
tests/test_onnx_model.py::TestCheckONNXFilesExist::test_only_data_exists 
-------------------------------- live log call --------------------------------
WARNING  llamasearch.core.onnx_model:onnx_model.py:104 Required file missing: C:\Users\mithr\AppData\Local\Temp\test_check_1vo43e00\onnx\model.onnx
PASSED                                                                   [ 39%]
tests/test_onnx_model.py::TestCheckONNXFilesExist::test_only_model_exists 
-------------------------------- live log call --------------------------------
WARNING  llamasearch.core.onnx_model:onnx_model.py:106 Required file missing: C:\Users\mithr\AppData\Local\Temp\test_check_m42x9wv0\onnx\model.onnx_data
PASSED                                                                   [ 40%]
tests/test_onnx_model.py::TestCheckONNXFilesExist::test_wrong_names 
-------------------------------- live log call --------------------------------
WARNING  llamasearch.core.onnx_model:onnx_model.py:104 Required file missing: C:\Users\mithr\AppData\Local\Temp\test_check_osvfu70r\onnx\model.onnx
WARNING  llamasearch.core.onnx_model:onnx_model.py:106 Required file missing: C:\Users\mithr\AppData\Local\Temp\test_check_osvfu70r\onnx\model.onnx_data
PASSED                                                                   [ 40%]
tests/test_onnx_model.py::TestGenericONNXLLMCPU::test_generate_decode_error 
-------------------------------- live log call --------------------------------
ERROR    llamasearch.core.onnx_model:onnx_model.py:294 Error generating text: Decoding failed
Traceback (most recent call last):
  File "C:\Users\mithr\Documents\llamasearch\src\llamasearch\core\onnx_model.py", line 279, in generate
    result_full_text = self._tokenizer.decode(
                       ^^^^^^^^^^^^^^^^^^^^^^^
  File "C:\Users\mithr\miniconda3\envs\llamasearch\Lib\unittest\mock.py", line 1124, in __call__
    return self._mock_call(*args, **kwargs)
           ^^^^^^^^^^^^^^^^^^^^^^^^^^^^^^^^
  File "C:\Users\mithr\miniconda3\envs\llamasearch\Lib\unittest\mock.py", line 1128, in _mock_call
    return self._execute_mock_call(*args, **kwargs)
           ^^^^^^^^^^^^^^^^^^^^^^^^^^^^^^^^^^^^^^^^
  File "C:\Users\mithr\miniconda3\envs\llamasearch\Lib\unittest\mock.py", line 1183, in _execute_mock_call
    raise effect
ValueError: Decoding failed
PASSED                                                                   [ 41%]
tests/test_onnx_model.py::TestGenericONNXLLMCPU::test_generate_model_error 
-------------------------------- live log call --------------------------------
ERROR    llamasearch.core.onnx_model:onnx_model.py:294 Error generating text: ONNX Runtime Error
Traceback (most recent call last):
  File "C:\Users\mithr\Documents\llamasearch\src\llamasearch\core\onnx_model.py", line 238, in generate
    outputs = self._model.generate(
              ^^^^^^^^^^^^^^^^^^^^^
  File "C:\Users\mithr\miniconda3\envs\llamasearch\Lib\unittest\mock.py", line 1124, in __call__
    return self._mock_call(*args, **kwargs)
           ^^^^^^^^^^^^^^^^^^^^^^^^^^^^^^^^
  File "C:\Users\mithr\miniconda3\envs\llamasearch\Lib\unittest\mock.py", line 1128, in _mock_call
    return self._execute_mock_call(*args, **kwargs)
           ^^^^^^^^^^^^^^^^^^^^^^^^^^^^^^^^^^^^^^^^
  File "C:\Users\mithr\miniconda3\envs\llamasearch\Lib\unittest\mock.py", line 1183, in _execute_mock_call
    raise effect
RuntimeError: ONNX Runtime Error
PASSED                                                                   [ 42%]
tests/test_onnx_model.py::TestGenericONNXLLMCPU::test_generate_model_returns_invalid 
-------------------------------- live log call --------------------------------
ERROR    llamasearch.core.onnx_model:onnx_model.py:254 Unexpected output type from model.generate: <class 'NoneType'>
PASSED                                                                   [ 43%]
tests/test_onnx_model.py::TestGenericONNXLLMCPU::test_generate_no_new_tokens PASSED [ 44%]
tests/test_onnx_model.py::TestGenericONNXLLMCPU::test_generate_success PASSED [ 45%]
tests/test_onnx_model.py::TestGenericONNXLLMCPU::test_generate_tokenizer_returns_invalid 
-------------------------------- live log call --------------------------------
ERROR    llamasearch.core.onnx_model:onnx_model.py:222 Tokenizer returned unexpected type or structure: <class 'int'>
PASSED                                                                   [ 45%]
tests/test_onnx_model.py::TestGenericONNXLLMCPU::test_generate_unloaded 
-------------------------------- live log call --------------------------------
INFO     llamasearch.core.onnx_model:onnx_model.py:301 Unloading GenericONNXLLM (Llama-3.2-1B-Instruct-onnx-fp32)...
INFO     llamasearch.core.onnx_model:onnx_model.py:319 GenericONNXLLM unloaded.
PASSED                                                                   [ 46%]
tests/test_onnx_model.py::TestGenericONNXLLMCPU::test_init PASSED        [ 47%]
tests/test_onnx_model.py::TestGenericONNXLLMCPU::test_unload 
-------------------------------- live log call --------------------------------
INFO     llamasearch.core.onnx_model:onnx_model.py:301 Unloading GenericONNXLLM (Llama-3.2-1B-Instruct-onnx-fp32)...
INFO     llamasearch.core.onnx_model:onnx_model.py:319 GenericONNXLLM unloaded.
PASSED                                                                   [ 48%]
tests/test_onnx_model.py::TestLoadONNXLLMCPU::test_load_fail_generic_loader_error 
-------------------------------- live log call --------------------------------
INFO     llamasearch.core.onnx_model:onnx_model.py:325 --- Initializing ONNX Causal LM (CPU-Only, FP32) --- 
INFO     llamasearch.core.onnx_model:onnx_model.py:333 Using ONNX Provider: CPUExecutionProvider
INFO     llamasearch.core.onnx_model:onnx_model.py:341 Loading from active model directory: C:\Users\mithr\AppData\Local\Temp\test_load_cpu_0takktob\models\active_model
INFO     llamasearch.core.onnx_model:onnx_model.py:364 Loading ONNX model: onnx/model.onnx
ERROR    llamasearch.core.onnx_model:onnx_model.py:412 Failed ONNX LLM init: Disk read error
Traceback (most recent call last):
  File "C:\Users\mithr\Documents\llamasearch\src\llamasearch\core\onnx_model.py", line 367, in load_onnx_llm
    onnx_model_loaded = ORTModelForCausalLM.from_pretrained(
                        ^^^^^^^^^^^^^^^^^^^^^^^^^^^^^^^^^^^^
  File "C:\Users\mithr\miniconda3\envs\llamasearch\Lib\unittest\mock.py", line 1124, in __call__
    return self._mock_call(*args, **kwargs)
           ^^^^^^^^^^^^^^^^^^^^^^^^^^^^^^^^
  File "C:\Users\mithr\miniconda3\envs\llamasearch\Lib\unittest\mock.py", line 1128, in _mock_call
    return self._execute_mock_call(*args, **kwargs)
           ^^^^^^^^^^^^^^^^^^^^^^^^^^^^^^^^^^^^^^^^
  File "C:\Users\mithr\miniconda3\envs\llamasearch\Lib\unittest\mock.py", line 1183, in _execute_mock_call
    raise effect
RuntimeError: Disk read error
PASSED                                                                   [ 49%]
tests/test_onnx_model.py::TestLoadONNXLLMCPU::test_load_fail_missing_required_root_file 
-------------------------------- live log call --------------------------------
INFO     llamasearch.core.onnx_model:onnx_model.py:325 --- Initializing ONNX Causal LM (CPU-Only, FP32) --- 
INFO     llamasearch.core.onnx_model:onnx_model.py:333 Using ONNX Provider: CPUExecutionProvider
INFO     llamasearch.core.onnx_model:onnx_model.py:341 Loading from active model directory: C:\Users\mithr\AppData\Local\Temp\test_load_cpu_1nm9swk8\models\active_model
ERROR    llamasearch.core.onnx_model:onnx_model.py:409 ModelNotFoundError during LLM init: Required root files missing: ['config.json']. Run setup.
PASSED                                                                   [ 50%]
tests/test_onnx_model.py::TestLoadONNXLLMCPU::test_load_fail_model_loader_returns_none 
-------------------------------- live log call --------------------------------
INFO     llamasearch.core.onnx_model:onnx_model.py:325 --- Initializing ONNX Causal LM (CPU-Only, FP32) --- 
INFO     llamasearch.core.onnx_model:onnx_model.py:333 Using ONNX Provider: CPUExecutionProvider
INFO     llamasearch.core.onnx_model:onnx_model.py:341 Loading from active model directory: C:\Users\mithr\AppData\Local\Temp\test_load_cpu_37q6ebzr\models\active_model
INFO     llamasearch.core.onnx_model:onnx_model.py:364 Loading ONNX model: onnx/model.onnx
ERROR    llamasearch.core.onnx_model:onnx_model.py:412 Failed ONNX LLM init: Expected ORTModelForCausalLM, got <class 'NoneType'>
Traceback (most recent call last):
  File "C:\Users\mithr\Documents\llamasearch\src\llamasearch\core\onnx_model.py", line 378, in load_onnx_llm
    raise TypeError(
TypeError: Expected ORTModelForCausalLM, got <class 'NoneType'>
PASSED                                                                   [ 50%]
tests/test_onnx_model.py::TestLoadONNXLLMCPU::test_load_fail_models_path_missing 
-------------------------------- live log call --------------------------------
INFO     llamasearch.core.onnx_model:onnx_model.py:325 --- Initializing ONNX Causal LM (CPU-Only, FP32) --- 
INFO     llamasearch.core.onnx_model:onnx_model.py:333 Using ONNX Provider: CPUExecutionProvider
ERROR    llamasearch.core.onnx_model:onnx_model.py:412 Failed ONNX LLM init: Models path missing.
Traceback (most recent call last):
  File "C:\Users\mithr\Documents\llamasearch\src\llamasearch\core\onnx_model.py", line 338, in load_onnx_llm
    raise SetupError("Models path missing.")
llamasearch.exceptions.SetupError: Models path missing.
PASSED                                                                   [ 51%]
tests/test_onnx_model.py::TestLoadONNXLLMCPU::test_load_fail_no_active_dir 
-------------------------------- live log call --------------------------------
INFO     llamasearch.core.onnx_model:onnx_model.py:325 --- Initializing ONNX Causal LM (CPU-Only, FP32) --- 
INFO     llamasearch.core.onnx_model:onnx_model.py:333 Using ONNX Provider: CPUExecutionProvider
INFO     llamasearch.core.onnx_model:onnx_model.py:341 Loading from active model directory: C:\Users\mithr\AppData\Local\Temp\test_load_cpu_otvvbwna\models\active_model
ERROR    llamasearch.core.onnx_model:onnx_model.py:409 ModelNotFoundError during LLM init: Active dir 'C:\Users\mithr\AppData\Local\Temp\test_load_cpu_otvvbwna\models\active_model' DNE.
PASSED                                                                   [ 52%]
tests/test_onnx_model.py::TestLoadONNXLLMCPU::test_load_fail_onnx_files_missing 
-------------------------------- live log call --------------------------------
INFO     llamasearch.core.onnx_model:onnx_model.py:325 --- Initializing ONNX Causal LM (CPU-Only, FP32) --- 
INFO     llamasearch.core.onnx_model:onnx_model.py:333 Using ONNX Provider: CPUExecutionProvider
INFO     llamasearch.core.onnx_model:onnx_model.py:341 Loading from active model directory: C:\Users\mithr\AppData\Local\Temp\test_load_cpu_uuxnfxrs\models\active_model
ERROR    llamasearch.core.onnx_model:onnx_model.py:409 ModelNotFoundError during LLM init: Required ONNX files (model.onnx and model.onnx_data) not found in C:\Users\mithr\AppData\Local\Temp\test_load_cpu_uuxnfxrs\models\active_model\onnx. Run setup.
PASSED                                                                   [ 53%]
tests/test_onnx_model.py::TestLoadONNXLLMCPU::test_load_fail_tokenizer_loader_returns_none 
-------------------------------- live log call --------------------------------
INFO     llamasearch.core.onnx_model:onnx_model.py:325 --- Initializing ONNX Causal LM (CPU-Only, FP32) --- 
INFO     llamasearch.core.onnx_model:onnx_model.py:333 Using ONNX Provider: CPUExecutionProvider
INFO     llamasearch.core.onnx_model:onnx_model.py:341 Loading from active model directory: C:\Users\mithr\AppData\Local\Temp\test_load_cpu__b4bfz0x\models\active_model
INFO     llamasearch.core.onnx_model:onnx_model.py:364 Loading ONNX model: onnx/model.onnx
ERROR    llamasearch.core.onnx_model:onnx_model.py:412 Failed ONNX LLM init: Expected PreTrainedTokenizerBase, got <class 'NoneType'>
Traceback (most recent call last):
  File "C:\Users\mithr\Documents\llamasearch\src\llamasearch\core\onnx_model.py", line 391, in load_onnx_llm
    raise TypeError(
TypeError: Expected PreTrainedTokenizerBase, got <class 'NoneType'>
PASSED                                                                   [ 54%]
tests/test_onnx_model.py::TestLoadONNXLLMCPU::test_load_success 
-------------------------------- live log call --------------------------------
INFO     llamasearch.core.onnx_model:onnx_model.py:325 --- Initializing ONNX Causal LM (CPU-Only, FP32) --- 
INFO     llamasearch.core.onnx_model:onnx_model.py:333 Using ONNX Provider: CPUExecutionProvider
INFO     llamasearch.core.onnx_model:onnx_model.py:341 Loading from active model directory: C:\Users\mithr\AppData\Local\Temp\test_load_cpu_8rgp_hj6\models\active_model
INFO     llamasearch.core.onnx_model:onnx_model.py:364 Loading ONNX model: onnx/model.onnx
INFO     llamasearch.core.onnx_model:onnx_model.py:396 ONNX Causal LM (FP32) and tokenizer loaded via Optimum.
PASSED                                                                   [ 55%]
tests/test_setup.py::TestSetupScript::test_check_or_download_embedder_downloads_if_missing PASSED [ 55%]
tests/test_setup.py::TestSetupScript::test_check_or_download_embedder_exists_locally PASSED [ 56%]
tests/test_setup.py::TestSetupScript::test_check_or_download_embedder_force_downloads 
-------------------------------- live log call --------------------------------
INFO     llamasearch.setup:setup.py:109 Checking/Downloading Embedder: sentence-transformers/all-MiniLM-L6-v2
INFO     llamasearch.setup:setup.py:111 Ignoring patterns: ['*.onnx', 'onnx/*', '*.gguf', 'gguf/*', 'openvino/*']
INFO     llamasearch.setup:setup.py:132 Downloading/Verifying embedder sentence-transformers/all-MiniLM-L6-v2 from Hub...
INFO     llamasearch.setup:setup.py:142 Embedder 'sentence-transformers/all-MiniLM-L6-v2' (PyTorch) cache verified/downloaded.
PASSED                                                                   [ 57%]
tests/test_setup.py::TestSetupScript::test_check_or_download_onnx_llm_cleans_if_file_missing PASSED [ 58%]
tests/test_setup.py::TestSetupScript::test_check_or_download_onnx_llm_fail_download PASSED [ 59%]
tests/test_setup.py::TestSetupScript::test_check_or_download_onnx_llm_force_cleans_dir PASSED [ 60%]
tests/test_setup.py::TestSetupScript::test_check_or_download_onnx_llm_success PASSED [ 60%]
tests/test_setup.py::TestSetupScript::test_download_helper_retry_fail PASSED [ 61%]
tests/test_setup.py::TestSetupScript::test_download_helper_retry_success PASSED [ 62%]
tests/test_setup.py::TestSetupScript::test_download_helper_success PASSED [ 63%]
tests/test_setup.py::TestSetupScript::test_main_fail_embedder_download PASSED [ 64%]
tests/test_setup.py::TestSetupScript::test_main_fail_llm_download PASSED [ 65%]
tests/test_setup.py::TestSetupScript::test_main_fail_no_models_path PASSED [ 65%]
tests/test_setup.py::TestSetupScript::test_main_fail_verification PASSED [ 66%]
tests/test_setup.py::TestSetupScript::test_main_success_force PASSED     [ 67%]
tests/test_setup.py::TestSetupScript::test_main_success_no_force PASSED  [ 68%]
tests/test_setup.py::TestSetupScript::test_verify_setup_fail_embedder_load PASSED [ 69%]
tests/test_setup.py::TestSetupScript::test_verify_setup_fail_llm_load PASSED [ 70%]
tests/test_setup.py::TestSetupScript::test_verify_setup_success PASSED   [ 70%]
tests/test_source_manager.py::TestSourceManagementMixin::test_add_source_directory_processing PASSED [ 71%]
tests/test_source_manager.py::TestSourceManagementMixin::test_add_source_file_processing_success PASSED [ 72%]
tests/test_source_manager.py::TestSourceManagementMixin::test_add_source_in_crawl_dir_blocked_external_call PASSED [ 73%]
tests/test_source_manager.py::TestSourceManagementMixin::test_add_source_path_not_found PASSED [ 74%]
tests/test_source_manager.py::TestSourceManagementMixin::test_add_source_shutdown_event_set PASSED [ 75%]
tests/test_source_manager.py::TestSourceManagementMixin::test_add_source_unchanged_file_skipped PASSED [ 75%]
tests/test_source_manager.py::TestSourceManagementMixin::test_add_source_unsupported_extension PASSED [ 76%]
tests/test_source_manager.py::TestSourceManagementMixin::test_get_indexed_sources_aggregates_correctly PASSED [ 77%]
tests/test_source_manager.py::TestSourceManagementMixin::test_get_indexed_sources_empty PASSED [ 78%]
tests/test_source_manager.py::TestSourceManagementMixin::test_is_source_unchanged_mtime_differs PASSED [ 79%]
tests/test_source_manager.py::TestSourceManagementMixin::test_is_source_unchanged_true PASSED [ 80%]
tests/test_source_manager.py::TestSourceManagementMixin::test_load_reverse_lookup_file_exists PASSED [ 80%]
tests/test_source_manager.py::TestSourceManagementMixin::test_load_reverse_lookup_file_not_exist PASSED [ 81%]
tests/test_source_manager.py::TestSourceManagementMixin::test_load_reverse_lookup_json_error PASSED [ 82%]
tests/test_source_manager.py::TestSourceManagementMixin::test_load_reverse_lookup_path_not_configured PASSED [ 83%]
tests/test_source_manager.py::TestSourceManagementMixin::test_remove_source_no_chunks_found PASSED [ 84%]
tests/test_source_manager.py::TestSourceManagementMixin::test_save_reverse_lookup_io_error PASSED [ 85%]
tests/test_source_manager.py::TestSourceManagementMixin::test_save_reverse_lookup_path_not_configured PASSED [ 85%]
tests/test_source_manager.py::TestSourceManagementMixin::test_save_reverse_lookup_success PASSED [ 86%]
tests/test_utils.py::TestGetLlamasearchDir::test_get_dir_always_home PASSED [ 87%]
tests/test_utils.py::TestNumpyEncoder::test_bytes PASSED                 [ 88%]
tests/test_utils.py::TestNumpyEncoder::test_frozenset PASSED             [ 89%]
tests/test_utils.py::TestNumpyEncoder::test_numpy_array PASSED           [ 90%]
tests/test_utils.py::TestNumpyEncoder::test_numpy_float PASSED           [ 90%]
tests/test_utils.py::TestNumpyEncoder::test_numpy_int PASSED             [ 91%]
tests/test_utils.py::TestNumpyEncoder::test_path PASSED                  [ 92%]
tests/test_utils.py::TestNumpyEncoder::test_set PASSED                   [ 93%]
tests/test_utils.py::TestNumpyEncoder::test_unhandled_type PASSED        [ 94%]
tests/test_utils.py::TestLogQuery::test_log_query_file_write_fail PASSED [ 95%]
tests/test_utils.py::TestLogQuery::test_log_query_full PASSED            [ 95%]
tests/test_utils.py::TestLogQuery::test_log_query_mkdir_fail PASSED      [ 96%]
tests/test_utils.py::TestLogQuery::test_log_query_simplified PASSED      [ 97%]
tests/test_utils.py::TestSetupLogging::test_setup_logging_basic PASSED   [ 98%]
tests/test_utils.py::TestSetupLogging::test_setup_logging_exception_logs_error PASSED [ 99%]
tests/test_utils.py::TestSetupLogging::test_setup_logging_with_qt PASSED [100%]

============================== warnings summary ===============================
..\..\miniconda3\envs\llamasearch\Lib\site-packages\pydantic\_internal\_config.py:323
..\..\miniconda3\envs\llamasearch\Lib\site-packages\pydantic\_internal\_config.py:323
  C:\Users\mithr\miniconda3\envs\llamasearch\Lib\site-packages\pydantic\_internal\_config.py:323: PydanticDeprecatedSince20: Support for class-based `config` is deprecated, use ConfigDict instead. Deprecated in Pydantic V2.0 to be removed in V3.0. See Pydantic V2 Migration Guide at https://errors.pydantic.dev/2.11/migration/
    warnings.warn(DEPRECATION_MESSAGE, DeprecationWarning)

..\..\miniconda3\envs\llamasearch\Lib\site-packages\fake_http_header\constants.py:5
  C:\Users\mithr\miniconda3\envs\llamasearch\Lib\site-packages\fake_http_header\constants.py:5: DeprecationWarning: read_text is deprecated. Use files() instead. Refer to https://importlib-resources.readthedocs.io/en/latest/using.html#migrating-from-legacy for migration advice.
    domain_to_search_engine_binary = read_text("fake_http_header.data", "top-level-domain-to-search-engines.json")

..\..\miniconda3\envs\llamasearch\Lib\importlib\resources\_legacy.py:80
..\..\miniconda3\envs\llamasearch\Lib\importlib\resources\_legacy.py:80
..\..\miniconda3\envs\llamasearch\Lib\importlib\resources\_legacy.py:80
..\..\miniconda3\envs\llamasearch\Lib\importlib\resources\_legacy.py:80
..\..\miniconda3\envs\llamasearch\Lib\importlib\resources\_legacy.py:80
  C:\Users\mithr\miniconda3\envs\llamasearch\Lib\importlib\resources\_legacy.py:80: DeprecationWarning: open_text is deprecated. Use files() instead. Refer to https://importlib-resources.readthedocs.io/en/latest/using.html#migrating-from-legacy for migration advice.
    with open_text(package, resource, encoding, errors) as fp:

..\..\miniconda3\envs\llamasearch\Lib\site-packages\fake_http_header\constants.py:6
  C:\Users\mithr\miniconda3\envs\llamasearch\Lib\site-packages\fake_http_header\constants.py:6: DeprecationWarning: read_text is deprecated. Use files() instead. Refer to https://importlib-resources.readthedocs.io/en/latest/using.html#migrating-from-legacy for migration advice.
    domain_to_languages_binary = read_text("fake_http_header.data", "top-level-domain-to-languages.json")

..\..\miniconda3\envs\llamasearch\Lib\site-packages\fake_http_header\constants.py:7
  C:\Users\mithr\miniconda3\envs\llamasearch\Lib\site-packages\fake_http_header\constants.py:7: DeprecationWarning: read_text is deprecated. Use files() instead. Refer to https://importlib-resources.readthedocs.io/en/latest/using.html#migrating-from-legacy for migration advice.
    browser_to_user_agent = read_text("fake_http_header.data", "browser-to-user-agent.json")

..\..\miniconda3\envs\llamasearch\Lib\site-packages\fake_http_header\constants.py:8
  C:\Users\mithr\miniconda3\envs\llamasearch\Lib\site-packages\fake_http_header\constants.py:8: DeprecationWarning: read_text is deprecated. Use files() instead. Refer to https://importlib-resources.readthedocs.io/en/latest/using.html#migrating-from-legacy for migration advice.
    encoding_values_dict_binary = read_text("fake_http_header.data", "encoding-values.json")

..\..\miniconda3\envs\llamasearch\Lib\site-packages\fake_http_header\constants.py:9
  C:\Users\mithr\miniconda3\envs\llamasearch\Lib\site-packages\fake_http_header\constants.py:9: DeprecationWarning: read_text is deprecated. Use files() instead. Refer to https://importlib-resources.readthedocs.io/en/latest/using.html#migrating-from-legacy for migration advice.
    browser_to_accept_value_binary = read_text("fake_http_header.data", "browser-to-accept-values.json")

-- Docs: https://docs.pytest.org/en/stable/how-to/capture-warnings.html
=============================== tests coverage ================================
______________ coverage: platform win32, python 3.11.11-final-0 _______________

Name                                      Stmts   Miss  Cover   Missing
-----------------------------------------------------------------------
src\llamasearch\__init__.py                   1      0   100%
src\llamasearch\__main__.py                 364    364     0%   7-693
src\llamasearch\core\__init__.py              0      0   100%
src\llamasearch\core\bm25.py                172      0   100%
src\llamasearch\core\chunker.py             125    111    11%   59-60, 88-321, 332-336
src\llamasearch\core\crawler.py             351    351     0%   9-742
src\llamasearch\core\embedder.py            265    224    15%   62-64, 74, 86-134, 137-138, 142-211, 218, 227-338, 341-346, 352-403, 407-471, 476-487
src\llamasearch\core\onnx_model.py          230     31    87%   161-165, 190, 192, 235, 249-252, 274, 276, 298, 313-314, 415-418, 420-423, 425-432
src\llamasearch\core\query_processor.py     270    270     0%   2-537
src\llamasearch\core\search_engine.py       145    145     0%   4-209
src\llamasearch\core\source_manager.py      549    240    56%   133-134, 168-182, 201-233, 235-238, 251-254, 262-264, 280-281, 290, 327-330, 340, 342-345, 354-355, 362-366, 376, 381, 389-393, 400-404, 408-409, 423-429, 431, 435-446, 452-457, 468, 473-474, 478-486, 520-525, 553-554, 566-567, 574, 607-612, 622-630, 659, 666-669, 676, 680-685, 692, 698-700, 717-718, 735, 743-748, 750-775, 782-919
src\llamasearch\data_manager.py              85     17    80%   50-58, 70-71, 84, 140-143, 152-154
src\llamasearch\exceptions.py                 4      0   100%
src\llamasearch\protocols.py                 26      8    69%   12, 17, 22, 27, 36, 63, 70, 77
src\llamasearch\setup.py                    224     55    75%   72, 76, 82-86, 95-103, 129-130, 143-144, 166-167, 175-176, 201-202, 221-229, 247-259, 281, 287-290, 295-296, 310, 315-320, 325-326, 331, 366-367, 383-385, 389
src\llamasearch\ui\__init__.py                0      0   100%
src\llamasearch\ui\app_logic.py             578    578     0%   3-986
src\llamasearch\ui\components.py             43     43     0%   2-74
src\llamasearch\ui\main.py                  138    138     0%   4-231
src\llamasearch\ui\qt_logging.py             15      2    87%   30-31
src\llamasearch\utils.py                    128      5    96%   24-27, 112
-----------------------------------------------------------------------
TOTAL                                      3713   2582    30%
====================== 120 passed, 12 warnings in 8.92s =======================
